01:12:11 **** Incremental Build of configuration Debug for project Lab 3 ****
make -r -j8 all 
Building file: ../source/process.c
Invoking: MCU C Compiler
arm-none-eabi-gcc -D__REDLIB__ -DCPU_MKL46Z256VLL4_cm0plus -DCPU_MKL46Z256VLL4 -DFSL_RTOS_BM -DSDK_OS_BAREMETAL -DSDK_DEBUGCONSOLE=0 -DCR_INTEGER_PRINTF -DPRINTF_FLOAT_ENABLE=0 -D__MCUXPRESSO -D__USE_CMSIS -DDEBUG -I"C:\Users\Kelvi\Documents\MCUXpressoIDE_24.12.148\Embed2025\Embed2025\Lab 3\board" -I"C:\Users\Kelvi\Documents\MCUXpressoIDE_24.12.148\Embed2025\Embed2025\Lab 3\source" -I"C:\Users\Kelvi\Documents\MCUXpressoIDE_24.12.148\Embed2025\Embed2025\Lab 3" -I"C:\Users\Kelvi\Documents\MCUXpressoIDE_24.12.148\Embed2025\Embed2025\Lab 3\drivers" -I"C:\Users\Kelvi\Documents\MCUXpressoIDE_24.12.148\Embed2025\Embed2025\Lab 3\CMSIS" -I"C:\Users\Kelvi\Documents\MCUXpressoIDE_24.12.148\Embed2025\Embed2025\Lab 3\startup" -I"C:\Users\Kelvi\Documents\MCUXpressoIDE_24.12.148\Embed2025\Embed2025\Lab 3\utilities" -O0 -fno-common -g3 -gdwarf-4 -Wall -c -ffunction-sections -fdata-sections -fno-builtin -fmerge-constants -fmacro-prefix-map="../source/"= -mcpu=cortex-m0plus -mthumb -D__REDLIB__ -fstack-usage -specs=redlib.specs -MMD -MP -MF"source/process.d" -MT"source/process.o" -MT"source/process.d" -o "source/process.o" "../source/process.c"
Finished building: ../source/process.c
 
Building target: Lab 3.axf
Invoking: MCU Linker
arm-none-eabi-gcc -nostdlib -Xlinker -Map="Lab 3.map" -Xlinker --gc-sections -Xlinker -print-memory-usage -Xlinker --sort-section=alignment -Xlinker --cref -mcpu=cortex-m0plus -mthumb -T Lab_3_Debug.ld -o "Lab 3.axf" ./utilities/fsl_debug_console.o ./utilities/fsl_io.o ./utilities/fsl_log.o ./utilities/fsl_str.o  ./startup/startup_mkl46z4.o  ./source/3140.o ./source/3140_concur.o ./source/led.o ./source/led_lowlevel.o ./source/process.o ./source/test_1.o  ./drivers/fsl_clock.o ./drivers/fsl_common.o ./drivers/fsl_ftfx_cache.o ./drivers/fsl_ftfx_controller.o ./drivers/fsl_ftfx_flash.o ./drivers/fsl_ftfx_flexnvm.o ./drivers/fsl_gpio.o ./drivers/fsl_i2c.o ./drivers/fsl_lpsci.o ./drivers/fsl_smc.o ./drivers/fsl_uart.o  ./board/board.o ./board/clock_config.o ./board/peripherals.o ./board/pin_mux.o  ./CMSIS/system_MKL46Z4.o   
Memory region         Used Size  Region Size  %age Used
   PROGRAM_FLASH:        4660 B       256 KB      1.78%
            SRAM:        4340 B        32 KB     13.24%
Finished building target: Lab 3.axf
 
Performing post-build steps
arm-none-eabi-size "Lab 3.axf"; # arm-none-eabi-objcopy -v -O binary "Lab 3.axf" "Lab 3.bin" ; # checksum -p MKL46Z256xxx4 -d "Lab 3.bin";
   text	   data	    bss	    dec	    hex	filename
   4656	      4	   4336	   8996	   2324	Lab 3.axf
 
01:12:51 **** Incremental Build of configuration Debug for project Lab 3 ****
make -r -j8 all 
make[1]: Nothing to be done for 'main-build'.
Performing post-build steps
arm-none-eabi-size "Lab 3.axf"; # arm-none-eabi-objcopy -v -O binary "Lab 3.axf" "Lab 3.bin" ; # checksum -p MKL46Z256xxx4 -d "Lab 3.bin";
   text	   data	    bss	    dec	    hex	filename
   4656	      4	   4336	   8996	   2324	Lab 3.axf
 
01:14:15 **** Incremental Build of configuration Debug for project Lab 3 ****
make -r -j8 all 
make[1]: Nothing to be done for 'main-build'.
Performing post-build steps
arm-none-eabi-size "Lab 3.axf"; # arm-none-eabi-objcopy -v -O binary "Lab 3.axf" "Lab 3.bin" ; # checksum -p MKL46Z256xxx4 -d "Lab 3.bin";
   text	   data	    bss	    dec	    hex	filename
   4656	      4	   4336	   8996	   2324	Lab 3.axf
 
01:15:11 **** Incremental Build of configuration Debug for project Lab 3 ****
make -r -j8 all 
make[1]: Nothing to be done for 'main-build'.
Performing post-build steps
arm-none-eabi-size "Lab 3.axf"; # arm-none-eabi-objcopy -v -O binary "Lab 3.axf" "Lab 3.bin" ; # checksum -p MKL46Z256xxx4 -d "Lab 3.bin";
   text	   data	    bss	    dec	    hex	filename
   4656	      4	   4336	   8996	   2324	Lab 3.axf
 
