16:35:04 **** Build of configuration Debug for project Lab 1_2 ****
make -r -j8 all 
Building file: ../utilities/fsl_debug_console.c
Building file: ../utilities/fsl_io.c
Building file: ../utilities/fsl_log.c
Building file: ../utilities/fsl_str.c
Invoking: MCU C Compiler
arm-none-eabi-gcc -DCPU_MKL46Z256VLL4_cm0plus -DCPU_MKL46Z256VLL4 -DFSL_RTOS_BM -DSDK_OS_BAREMETAL -DSDK_DEBUGCONSOLE=0 -DCR_INTEGER_PRINTF -DPRINTF_FLOAT_ENABLE=0 -D__MCUXPRESSO -D__USE_CMSIS -DDEBUG -D__REDLIB__ -I"C:\Users\Kelvi\Documents\MCUXpressoIDE_24.12.148\workspace\Lab 1_2\board" -I"C:\Users\Kelvi\Documents\MCUXpressoIDE_24.12.148\workspace\Lab 1_2\source" -I"C:\Users\Kelvi\Documents\MCUXpressoIDE_24.12.148\workspace\Lab 1_2" -I"C:\Users\Kelvi\Documents\MCUXpressoIDE_24.12.148\workspace\Lab 1_2\drivers" -I"C:\Users\Kelvi\Documents\MCUXpressoIDE_24.12.148\workspace\Lab 1_2\CMSIS" -I"C:\Users\Kelvi\Documents\MCUXpressoIDE_24.12.148\workspace\Lab 1_2\startup" -I"C:\Users\Kelvi\Documents\MCUXpressoIDE_24.12.148\workspace\Lab 1_2\utilities" -O0 -fno-common -g3 -gdwarf-4 -Wall -c -ffunction-sections -fdata-sections -fno-builtin -fmerge-constants -fmacro-prefix-map="../utilities/"= -mcpu=cortex-m0plus -mthumb -D__REDLIB__ -fstack-usage -specs=redlib.specs -MMD -MP -MF"utilities/fsl_debug_console.d" -MT"utilities/fsl_debug_console.o" -MT"utilities/fsl_debug_console.d" -o "utilities/fsl_debug_console.o" "../utilities/fsl_debug_console.c"
Invoking: MCU C Compiler
Invoking: MCU C Compiler
arm-none-eabi-gcc -DCPU_MKL46Z256VLL4_cm0plus -DCPU_MKL46Z256VLL4 -DFSL_RTOS_BM -DSDK_OS_BAREMETAL -DSDK_DEBUGCONSOLE=0 -DCR_INTEGER_PRINTF -DPRINTF_FLOAT_ENABLE=0 -D__MCUXPRESSO -D__USE_CMSIS -DDEBUG -D__REDLIB__ -I"C:\Users\Kelvi\Documents\MCUXpressoIDE_24.12.148\workspace\Lab 1_2\board" -I"C:\Users\Kelvi\Documents\MCUXpressoIDE_24.12.148\workspace\Lab 1_2\source" -I"C:\Users\Kelvi\Documents\MCUXpressoIDE_24.12.148\workspace\Lab 1_2" -I"C:\Users\Kelvi\Documents\MCUXpressoIDE_24.12.148\workspace\Lab 1_2\drivers" -I"C:\Users\Kelvi\Documents\MCUXpressoIDE_24.12.148\workspace\Lab 1_2\CMSIS" -I"C:\Users\Kelvi\Documents\MCUXpressoIDE_24.12.148\workspace\Lab 1_2\startup" -I"C:\Users\Kelvi\Documents\MCUXpressoIDE_24.12.148\workspace\Lab 1_2\utilities" -O0 -fno-common -g3 -gdwarf-4 -Wall -c -ffunction-sections -fdata-sections -fno-builtin -fmerge-constants -fmacro-prefix-map="../utilities/"= -mcpu=cortex-m0plus -mthumb -D__REDLIB__ -fstack-usage -specs=redlib.specs -MMD -MP -MF"utilities/fsl_log.d" -MT"utilities/fsl_log.o" -MT"utilities/fsl_log.d" -o "utilities/fsl_log.o" "../utilities/fsl_log.c"
arm-none-eabi-gcc -DCPU_MKL46Z256VLL4_cm0plus -DCPU_MKL46Z256VLL4 -DFSL_RTOS_BM -DSDK_OS_BAREMETAL -DSDK_DEBUGCONSOLE=0 -DCR_INTEGER_PRINTF -DPRINTF_FLOAT_ENABLE=0 -D__MCUXPRESSO -D__USE_CMSIS -DDEBUG -D__REDLIB__ -I"C:\Users\Kelvi\Documents\MCUXpressoIDE_24.12.148\workspace\Lab 1_2\board" -I"C:\Users\Kelvi\Documents\MCUXpressoIDE_24.12.148\workspace\Lab 1_2\source" -I"C:\Users\Kelvi\Documents\MCUXpressoIDE_24.12.148\workspace\Lab 1_2" -I"C:\Users\Kelvi\Documents\MCUXpressoIDE_24.12.148\workspace\Lab 1_2\drivers" -I"C:\Users\Kelvi\Documents\MCUXpressoIDE_24.12.148\workspace\Lab 1_2\CMSIS" -I"C:\Users\Kelvi\Documents\MCUXpressoIDE_24.12.148\workspace\Lab 1_2\startup" -I"C:\Users\Kelvi\Documents\MCUXpressoIDE_24.12.148\workspace\Lab 1_2\utilities" -O0 -fno-common -g3 -gdwarf-4 -Wall -c -ffunction-sections -fdata-sections -fno-builtin -fmerge-constants -fmacro-prefix-map="../utilities/"= -mcpu=cortex-m0plus -mthumb -D__REDLIB__ -fstack-usage -specs=redlib.specs -MMD -MP -MF"utilities/fsl_io.d" -MT"utilities/fsl_io.o" -MT"utilities/fsl_io.d" -o "utilities/fsl_io.o" "../utilities/fsl_io.c"
Building file: ../startup/startup_mkl46z4.c
Building file: ../source/lab1_2.s.s
Invoking: MCU C Compiler
Building file: ../drivers/fsl_clock.c
Invoking: MCU Assembler
arm-none-eabi-gcc -c -x assembler-with-cpp -D__REDLIB__ -I"C:\Users\Kelvi\Documents\MCUXpressoIDE_24.12.148\workspace\Lab 1_2\board" -I"C:\Users\Kelvi\Documents\MCUXpressoIDE_24.12.148\workspace\Lab 1_2\source" -I"C:\Users\Kelvi\Documents\MCUXpressoIDE_24.12.148\workspace\Lab 1_2" -I"C:\Users\Kelvi\Documents\MCUXpressoIDE_24.12.148\workspace\Lab 1_2\drivers" -I"C:\Users\Kelvi\Documents\MCUXpressoIDE_24.12.148\workspace\Lab 1_2\CMSIS" -I"C:\Users\Kelvi\Documents\MCUXpressoIDE_24.12.148\workspace\Lab 1_2\startup" -I"C:\Users\Kelvi\Documents\MCUXpressoIDE_24.12.148\workspace\Lab 1_2\utilities" -g3 -gdwarf-4 -mcpu=cortex-m0plus -mthumb -D__REDLIB__ -specs=redlib.specs -o "source/lab1_2.s.o" "../source/lab1_2.s.s"
Building file: ../drivers/fsl_common.c
arm-none-eabi-gcc -DCPU_MKL46Z256VLL4_cm0plus -DCPU_MKL46Z256VLL4 -DFSL_RTOS_BM -DSDK_OS_BAREMETAL -DSDK_DEBUGCONSOLE=0 -DCR_INTEGER_PRINTF -DPRINTF_FLOAT_ENABLE=0 -D__MCUXPRESSO -D__USE_CMSIS -DDEBUG -D__REDLIB__ -I"C:\Users\Kelvi\Documents\MCUXpressoIDE_24.12.148\workspace\Lab 1_2\board" -I"C:\Users\Kelvi\Documents\MCUXpressoIDE_24.12.148\workspace\Lab 1_2\source" -I"C:\Users\Kelvi\Documents\MCUXpressoIDE_24.12.148\workspace\Lab 1_2" -I"C:\Users\Kelvi\Documents\MCUXpressoIDE_24.12.148\workspace\Lab 1_2\drivers" -I"C:\Users\Kelvi\Documents\MCUXpressoIDE_24.12.148\workspace\Lab 1_2\CMSIS" -I"C:\Users\Kelvi\Documents\MCUXpressoIDE_24.12.148\workspace\Lab 1_2\startup" -I"C:\Users\Kelvi\Documents\MCUXpressoIDE_24.12.148\workspace\Lab 1_2\utilities" -O0 -fno-common -g3 -gdwarf-4 -Wall -c -ffunction-sections -fdata-sections -fno-builtin -fmerge-constants -fmacro-prefix-map="../utilities/"= -mcpu=cortex-m0plus -mthumb -D__REDLIB__ -fstack-usage -specs=redlib.specs -MMD -MP -MF"utilities/fsl_str.d" -MT"utilities/fsl_str.o" -MT"utilities/fsl_str.d" -o "utilities/fsl_str.o" "../utilities/fsl_str.c"
Invoking: MCU C Compiler
arm-none-eabi-gcc -DCPU_MKL46Z256VLL4_cm0plus -DCPU_MKL46Z256VLL4 -DFSL_RTOS_BM -DSDK_OS_BAREMETAL -DSDK_DEBUGCONSOLE=0 -DCR_INTEGER_PRINTF -DPRINTF_FLOAT_ENABLE=0 -D__MCUXPRESSO -D__USE_CMSIS -DDEBUG -D__REDLIB__ -I"C:\Users\Kelvi\Documents\MCUXpressoIDE_24.12.148\workspace\Lab 1_2\board" -I"C:\Users\Kelvi\Documents\MCUXpressoIDE_24.12.148\workspace\Lab 1_2\source" -I"C:\Users\Kelvi\Documents\MCUXpressoIDE_24.12.148\workspace\Lab 1_2" -I"C:\Users\Kelvi\Documents\MCUXpressoIDE_24.12.148\workspace\Lab 1_2\drivers" -I"C:\Users\Kelvi\Documents\MCUXpressoIDE_24.12.148\workspace\Lab 1_2\CMSIS" -I"C:\Users\Kelvi\Documents\MCUXpressoIDE_24.12.148\workspace\Lab 1_2\startup" -I"C:\Users\Kelvi\Documents\MCUXpressoIDE_24.12.148\workspace\Lab 1_2\utilities" -O0 -fno-common -g3 -gdwarf-4 -Wall -c -ffunction-sections -fdata-sections -fno-builtin -fmerge-constants -fmacro-prefix-map="../startup/"= -mcpu=cortex-m0plus -mthumb -D__REDLIB__ -fstack-usage -specs=redlib.specs -MMD -MP -MF"startup/startup_mkl46z4.d" -MT"startup/startup_mkl46z4.o" -MT"startup/startup_mkl46z4.d" -o "startup/startup_mkl46z4.o" "../startup/startup_mkl46z4.c"
Invoking: MCU C Compiler
arm-none-eabi-gcc -DCPU_MKL46Z256VLL4_cm0plus -DCPU_MKL46Z256VLL4 -DFSL_RTOS_BM -DSDK_OS_BAREMETAL -DSDK_DEBUGCONSOLE=0 -DCR_INTEGER_PRINTF -DPRINTF_FLOAT_ENABLE=0 -D__MCUXPRESSO -D__USE_CMSIS -DDEBUG -D__REDLIB__ -I"C:\Users\Kelvi\Documents\MCUXpressoIDE_24.12.148\workspace\Lab 1_2\board" -I"C:\Users\Kelvi\Documents\MCUXpressoIDE_24.12.148\workspace\Lab 1_2\source" -I"C:\Users\Kelvi\Documents\MCUXpressoIDE_24.12.148\workspace\Lab 1_2" -I"C:\Users\Kelvi\Documents\MCUXpressoIDE_24.12.148\workspace\Lab 1_2\drivers" -I"C:\Users\Kelvi\Documents\MCUXpressoIDE_24.12.148\workspace\Lab 1_2\CMSIS" -I"C:\Users\Kelvi\Documents\MCUXpressoIDE_24.12.148\workspace\Lab 1_2\startup" -I"C:\Users\Kelvi\Documents\MCUXpressoIDE_24.12.148\workspace\Lab 1_2\utilities" -O0 -fno-common -g3 -gdwarf-4 -Wall -c -ffunction-sections -fdata-sections -fno-builtin -fmerge-constants -fmacro-prefix-map="../drivers/"= -mcpu=cortex-m0plus -mthumb -D__REDLIB__ -fstack-usage -specs=redlib.specs -MMD -MP -MF"drivers/fsl_clock.d" -MT"drivers/fsl_clock.o" -MT"drivers/fsl_clock.d" -o "drivers/fsl_clock.o" "../drivers/fsl_clock.c"
Invoking: MCU C Compiler
arm-none-eabi-gcc -DCPU_MKL46Z256VLL4_cm0plus -DCPU_MKL46Z256VLL4 -DFSL_RTOS_BM -DSDK_OS_BAREMETAL -DSDK_DEBUGCONSOLE=0 -DCR_INTEGER_PRINTF -DPRINTF_FLOAT_ENABLE=0 -D__MCUXPRESSO -D__USE_CMSIS -DDEBUG -D__REDLIB__ -I"C:\Users\Kelvi\Documents\MCUXpressoIDE_24.12.148\workspace\Lab 1_2\board" -I"C:\Users\Kelvi\Documents\MCUXpressoIDE_24.12.148\workspace\Lab 1_2\source" -I"C:\Users\Kelvi\Documents\MCUXpressoIDE_24.12.148\workspace\Lab 1_2" -I"C:\Users\Kelvi\Documents\MCUXpressoIDE_24.12.148\workspace\Lab 1_2\drivers" -I"C:\Users\Kelvi\Documents\MCUXpressoIDE_24.12.148\workspace\Lab 1_2\CMSIS" -I"C:\Users\Kelvi\Documents\MCUXpressoIDE_24.12.148\workspace\Lab 1_2\startup" -I"C:\Users\Kelvi\Documents\MCUXpressoIDE_24.12.148\workspace\Lab 1_2\utilities" -O0 -fno-common -g3 -gdwarf-4 -Wall -c -ffunction-sections -fdata-sections -fno-builtin -fmerge-constants -fmacro-prefix-map="../drivers/"= -mcpu=cortex-m0plus -mthumb -D__REDLIB__ -fstack-usage -specs=redlib.specs -MMD -MP -MF"drivers/fsl_common.d" -MT"drivers/fsl_common.o" -MT"drivers/fsl_common.d" -o "drivers/fsl_common.o" "../drivers/fsl_common.c"
Finished building: ../source/lab1_2.s.s
 
Building file: ../drivers/fsl_ftfx_cache.c
Invoking: MCU C Compiler
arm-none-eabi-gcc -DCPU_MKL46Z256VLL4_cm0plus -DCPU_MKL46Z256VLL4 -DFSL_RTOS_BM -DSDK_OS_BAREMETAL -DSDK_DEBUGCONSOLE=0 -DCR_INTEGER_PRINTF -DPRINTF_FLOAT_ENABLE=0 -D__MCUXPRESSO -D__USE_CMSIS -DDEBUG -D__REDLIB__ -I"C:\Users\Kelvi\Documents\MCUXpressoIDE_24.12.148\workspace\Lab 1_2\board" -I"C:\Users\Kelvi\Documents\MCUXpressoIDE_24.12.148\workspace\Lab 1_2\source" -I"C:\Users\Kelvi\Documents\MCUXpressoIDE_24.12.148\workspace\Lab 1_2" -I"C:\Users\Kelvi\Documents\MCUXpressoIDE_24.12.148\workspace\Lab 1_2\drivers" -I"C:\Users\Kelvi\Documents\MCUXpressoIDE_24.12.148\workspace\Lab 1_2\CMSIS" -I"C:\Users\Kelvi\Documents\MCUXpressoIDE_24.12.148\workspace\Lab 1_2\startup" -I"C:\Users\Kelvi\Documents\MCUXpressoIDE_24.12.148\workspace\Lab 1_2\utilities" -O0 -fno-common -g3 -gdwarf-4 -Wall -c -ffunction-sections -fdata-sections -fno-builtin -fmerge-constants -fmacro-prefix-map="../drivers/"= -mcpu=cortex-m0plus -mthumb -D__REDLIB__ -fstack-usage -specs=redlib.specs -MMD -MP -MF"drivers/fsl_ftfx_cache.d" -MT"drivers/fsl_ftfx_cache.o" -MT"drivers/fsl_ftfx_cache.d" -o "drivers/fsl_ftfx_cache.o" "../drivers/fsl_ftfx_cache.c"
Finished building: ../startup/startup_mkl46z4.c
Finished building: ../utilities/fsl_debug_console.c
Finished building: ../utilities/fsl_log.c
Finished building: ../utilities/fsl_str.c
Finished building: ../utilities/fsl_io.c
Finished building: ../drivers/fsl_common.c
 
 
 
 
Building file: ../drivers/fsl_ftfx_controller.c
 
Building file: ../drivers/fsl_ftfx_flash.c
 
Building file: ../drivers/fsl_ftfx_flexnvm.c
Invoking: MCU C Compiler
Building file: ../drivers/fsl_gpio.c
Building file: ../drivers/fsl_i2c.c
arm-none-eabi-gcc -DCPU_MKL46Z256VLL4_cm0plus -DCPU_MKL46Z256VLL4 -DFSL_RTOS_BM -DSDK_OS_BAREMETAL -DSDK_DEBUGCONSOLE=0 -DCR_INTEGER_PRINTF -DPRINTF_FLOAT_ENABLE=0 -D__MCUXPRESSO -D__USE_CMSIS -DDEBUG -D__REDLIB__ -I"C:\Users\Kelvi\Documents\MCUXpressoIDE_24.12.148\workspace\Lab 1_2\board" -I"C:\Users\Kelvi\Documents\MCUXpressoIDE_24.12.148\workspace\Lab 1_2\source" -I"C:\Users\Kelvi\Documents\MCUXpressoIDE_24.12.148\workspace\Lab 1_2" -I"C:\Users\Kelvi\Documents\MCUXpressoIDE_24.12.148\workspace\Lab 1_2\drivers" -I"C:\Users\Kelvi\Documents\MCUXpressoIDE_24.12.148\workspace\Lab 1_2\CMSIS" -I"C:\Users\Kelvi\Documents\MCUXpressoIDE_24.12.148\workspace\Lab 1_2\startup" -I"C:\Users\Kelvi\Documents\MCUXpressoIDE_24.12.148\workspace\Lab 1_2\utilities" -O0 -fno-common -g3 -gdwarf-4 -Wall -c -ffunction-sections -fdata-sections -fno-builtin -fmerge-constants -fmacro-prefix-map="../drivers/"= -mcpu=cortex-m0plus -mthumb -D__REDLIB__ -fstack-usage -specs=redlib.specs -MMD -MP -MF"drivers/fsl_ftfx_controller.d" -MT"drivers/fsl_ftfx_controller.o" -MT"drivers/fsl_ftfx_controller.d" -o "drivers/fsl_ftfx_controller.o" "../drivers/fsl_ftfx_controller.c"
Invoking: MCU C Compiler
Invoking: MCU C Compiler
Building file: ../drivers/fsl_lpsci.c
arm-none-eabi-gcc -DCPU_MKL46Z256VLL4_cm0plus -DCPU_MKL46Z256VLL4 -DFSL_RTOS_BM -DSDK_OS_BAREMETAL -DSDK_DEBUGCONSOLE=0 -DCR_INTEGER_PRINTF -DPRINTF_FLOAT_ENABLE=0 -D__MCUXPRESSO -D__USE_CMSIS -DDEBUG -D__REDLIB__ -I"C:\Users\Kelvi\Documents\MCUXpressoIDE_24.12.148\workspace\Lab 1_2\board" -I"C:\Users\Kelvi\Documents\MCUXpressoIDE_24.12.148\workspace\Lab 1_2\source" -I"C:\Users\Kelvi\Documents\MCUXpressoIDE_24.12.148\workspace\Lab 1_2" -I"C:\Users\Kelvi\Documents\MCUXpressoIDE_24.12.148\workspace\Lab 1_2\drivers" -I"C:\Users\Kelvi\Documents\MCUXpressoIDE_24.12.148\workspace\Lab 1_2\CMSIS" -I"C:\Users\Kelvi\Documents\MCUXpressoIDE_24.12.148\workspace\Lab 1_2\startup" -I"C:\Users\Kelvi\Documents\MCUXpressoIDE_24.12.148\workspace\Lab 1_2\utilities" -O0 -fno-common -g3 -gdwarf-4 -Wall -c -ffunction-sections -fdata-sections -fno-builtin -fmerge-constants -fmacro-prefix-map="../drivers/"= -mcpu=cortex-m0plus -mthumb -D__REDLIB__ -fstack-usage -specs=redlib.specs -MMD -MP -MF"drivers/fsl_ftfx_flash.d" -MT"drivers/fsl_ftfx_flash.o" -MT"drivers/fsl_ftfx_flash.d" -o "drivers/fsl_ftfx_flash.o" "../drivers/fsl_ftfx_flash.c"
Finished building: ../drivers/fsl_clock.c
arm-none-eabi-gcc -DCPU_MKL46Z256VLL4_cm0plus -DCPU_MKL46Z256VLL4 -DFSL_RTOS_BM -DSDK_OS_BAREMETAL -DSDK_DEBUGCONSOLE=0 -DCR_INTEGER_PRINTF -DPRINTF_FLOAT_ENABLE=0 -D__MCUXPRESSO -D__USE_CMSIS -DDEBUG -D__REDLIB__ -I"C:\Users\Kelvi\Documents\MCUXpressoIDE_24.12.148\workspace\Lab 1_2\board" -I"C:\Users\Kelvi\Documents\MCUXpressoIDE_24.12.148\workspace\Lab 1_2\source" -I"C:\Users\Kelvi\Documents\MCUXpressoIDE_24.12.148\workspace\Lab 1_2" -I"C:\Users\Kelvi\Documents\MCUXpressoIDE_24.12.148\workspace\Lab 1_2\drivers" -I"C:\Users\Kelvi\Documents\MCUXpressoIDE_24.12.148\workspace\Lab 1_2\CMSIS" -I"C:\Users\Kelvi\Documents\MCUXpressoIDE_24.12.148\workspace\Lab 1_2\startup" -I"C:\Users\Kelvi\Documents\MCUXpressoIDE_24.12.148\workspace\Lab 1_2\utilities" -O0 -fno-common -g3 -gdwarf-4 -Wall -c -ffunction-sections -fdata-sections -fno-builtin -fmerge-constants -fmacro-prefix-map="../drivers/"= -mcpu=cortex-m0plus -mthumb -D__REDLIB__ -fstack-usage -specs=redlib.specs -MMD -MP -MF"drivers/fsl_ftfx_flexnvm.d" -MT"drivers/fsl_ftfx_flexnvm.o" -MT"drivers/fsl_ftfx_flexnvm.d" -o "drivers/fsl_ftfx_flexnvm.o" "../drivers/fsl_ftfx_flexnvm.c"
Invoking: MCU C Compiler
Invoking: MCU C Compiler
arm-none-eabi-gcc -DCPU_MKL46Z256VLL4_cm0plus -DCPU_MKL46Z256VLL4 -DFSL_RTOS_BM -DSDK_OS_BAREMETAL -DSDK_DEBUGCONSOLE=0 -DCR_INTEGER_PRINTF -DPRINTF_FLOAT_ENABLE=0 -D__MCUXPRESSO -D__USE_CMSIS -DDEBUG -D__REDLIB__ -I"C:\Users\Kelvi\Documents\MCUXpressoIDE_24.12.148\workspace\Lab 1_2\board" -I"C:\Users\Kelvi\Documents\MCUXpressoIDE_24.12.148\workspace\Lab 1_2\source" -I"C:\Users\Kelvi\Documents\MCUXpressoIDE_24.12.148\workspace\Lab 1_2" -I"C:\Users\Kelvi\Documents\MCUXpressoIDE_24.12.148\workspace\Lab 1_2\drivers" -I"C:\Users\Kelvi\Documents\MCUXpressoIDE_24.12.148\workspace\Lab 1_2\CMSIS" -I"C:\Users\Kelvi\Documents\MCUXpressoIDE_24.12.148\workspace\Lab 1_2\startup" -I"C:\Users\Kelvi\Documents\MCUXpressoIDE_24.12.148\workspace\Lab 1_2\utilities" -O0 -fno-common -g3 -gdwarf-4 -Wall -c -ffunction-sections -fdata-sections -fno-builtin -fmerge-constants -fmacro-prefix-map="../drivers/"= -mcpu=cortex-m0plus -mthumb -D__REDLIB__ -fstack-usage -specs=redlib.specs -MMD -MP -MF"drivers/fsl_gpio.d" -MT"drivers/fsl_gpio.o" -MT"drivers/fsl_gpio.d" -o "drivers/fsl_gpio.o" "../drivers/fsl_gpio.c"
Invoking: MCU C Compiler
 
arm-none-eabi-gcc -DCPU_MKL46Z256VLL4_cm0plus -DCPU_MKL46Z256VLL4 -DFSL_RTOS_BM -DSDK_OS_BAREMETAL -DSDK_DEBUGCONSOLE=0 -DCR_INTEGER_PRINTF -DPRINTF_FLOAT_ENABLE=0 -D__MCUXPRESSO -D__USE_CMSIS -DDEBUG -D__REDLIB__ -I"C:\Users\Kelvi\Documents\MCUXpressoIDE_24.12.148\workspace\Lab 1_2\board" -I"C:\Users\Kelvi\Documents\MCUXpressoIDE_24.12.148\workspace\Lab 1_2\source" -I"C:\Users\Kelvi\Documents\MCUXpressoIDE_24.12.148\workspace\Lab 1_2" -I"C:\Users\Kelvi\Documents\MCUXpressoIDE_24.12.148\workspace\Lab 1_2\drivers" -I"C:\Users\Kelvi\Documents\MCUXpressoIDE_24.12.148\workspace\Lab 1_2\CMSIS" -I"C:\Users\Kelvi\Documents\MCUXpressoIDE_24.12.148\workspace\Lab 1_2\startup" -I"C:\Users\Kelvi\Documents\MCUXpressoIDE_24.12.148\workspace\Lab 1_2\utilities" -O0 -fno-common -g3 -gdwarf-4 -Wall -c -ffunction-sections -fdata-sections -fno-builtin -fmerge-constants -fmacro-prefix-map="../drivers/"= -mcpu=cortex-m0plus -mthumb -D__REDLIB__ -fstack-usage -specs=redlib.specs -MMD -MP -MF"drivers/fsl_i2c.d" -MT"drivers/fsl_i2c.o" -MT"drivers/fsl_i2c.d" -o "drivers/fsl_i2c.o" "../drivers/fsl_i2c.c"
arm-none-eabi-gcc -DCPU_MKL46Z256VLL4_cm0plus -DCPU_MKL46Z256VLL4 -DFSL_RTOS_BM -DSDK_OS_BAREMETAL -DSDK_DEBUGCONSOLE=0 -DCR_INTEGER_PRINTF -DPRINTF_FLOAT_ENABLE=0 -D__MCUXPRESSO -D__USE_CMSIS -DDEBUG -D__REDLIB__ -I"C:\Users\Kelvi\Documents\MCUXpressoIDE_24.12.148\workspace\Lab 1_2\board" -I"C:\Users\Kelvi\Documents\MCUXpressoIDE_24.12.148\workspace\Lab 1_2\source" -I"C:\Users\Kelvi\Documents\MCUXpressoIDE_24.12.148\workspace\Lab 1_2" -I"C:\Users\Kelvi\Documents\MCUXpressoIDE_24.12.148\workspace\Lab 1_2\drivers" -I"C:\Users\Kelvi\Documents\MCUXpressoIDE_24.12.148\workspace\Lab 1_2\CMSIS" -I"C:\Users\Kelvi\Documents\MCUXpressoIDE_24.12.148\workspace\Lab 1_2\startup" -I"C:\Users\Kelvi\Documents\MCUXpressoIDE_24.12.148\workspace\Lab 1_2\utilities" -O0 -fno-common -g3 -gdwarf-4 -Wall -c -ffunction-sections -fdata-sections -fno-builtin -fmerge-constants -fmacro-prefix-map="../drivers/"= -mcpu=cortex-m0plus -mthumb -D__REDLIB__ -fstack-usage -specs=redlib.specs -MMD -MP -MF"drivers/fsl_lpsci.d" -MT"drivers/fsl_lpsci.o" -MT"drivers/fsl_lpsci.d" -o "drivers/fsl_lpsci.o" "../drivers/fsl_lpsci.c"
Building file: ../drivers/fsl_smc.c
Finished building: ../drivers/fsl_ftfx_cache.c
Invoking: MCU C Compiler
arm-none-eabi-gcc -DCPU_MKL46Z256VLL4_cm0plus -DCPU_MKL46Z256VLL4 -DFSL_RTOS_BM -DSDK_OS_BAREMETAL -DSDK_DEBUGCONSOLE=0 -DCR_INTEGER_PRINTF -DPRINTF_FLOAT_ENABLE=0 -D__MCUXPRESSO -D__USE_CMSIS -DDEBUG -D__REDLIB__ -I"C:\Users\Kelvi\Documents\MCUXpressoIDE_24.12.148\workspace\Lab 1_2\board" -I"C:\Users\Kelvi\Documents\MCUXpressoIDE_24.12.148\workspace\Lab 1_2\source" -I"C:\Users\Kelvi\Documents\MCUXpressoIDE_24.12.148\workspace\Lab 1_2" -I"C:\Users\Kelvi\Documents\MCUXpressoIDE_24.12.148\workspace\Lab 1_2\drivers" -I"C:\Users\Kelvi\Documents\MCUXpressoIDE_24.12.148\workspace\Lab 1_2\CMSIS" -I"C:\Users\Kelvi\Documents\MCUXpressoIDE_24.12.148\workspace\Lab 1_2\startup" -I"C:\Users\Kelvi\Documents\MCUXpressoIDE_24.12.148\workspace\Lab 1_2\utilities" -O0 -fno-common -g3 -gdwarf-4 -Wall -c -ffunction-sections -fdata-sections -fno-builtin -fmerge-constants -fmacro-prefix-map="../drivers/"= -mcpu=cortex-m0plus -mthumb -D__REDLIB__ -fstack-usage -specs=redlib.specs -MMD -MP -MF"drivers/fsl_smc.d" -MT"drivers/fsl_smc.o" -MT"drivers/fsl_smc.d" -o "drivers/fsl_smc.o" "../drivers/fsl_smc.c"
 
Building file: ../drivers/fsl_uart.c
Invoking: MCU C Compiler
arm-none-eabi-gcc -DCPU_MKL46Z256VLL4_cm0plus -DCPU_MKL46Z256VLL4 -DFSL_RTOS_BM -DSDK_OS_BAREMETAL -DSDK_DEBUGCONSOLE=0 -DCR_INTEGER_PRINTF -DPRINTF_FLOAT_ENABLE=0 -D__MCUXPRESSO -D__USE_CMSIS -DDEBUG -D__REDLIB__ -I"C:\Users\Kelvi\Documents\MCUXpressoIDE_24.12.148\workspace\Lab 1_2\board" -I"C:\Users\Kelvi\Documents\MCUXpressoIDE_24.12.148\workspace\Lab 1_2\source" -I"C:\Users\Kelvi\Documents\MCUXpressoIDE_24.12.148\workspace\Lab 1_2" -I"C:\Users\Kelvi\Documents\MCUXpressoIDE_24.12.148\workspace\Lab 1_2\drivers" -I"C:\Users\Kelvi\Documents\MCUXpressoIDE_24.12.148\workspace\Lab 1_2\CMSIS" -I"C:\Users\Kelvi\Documents\MCUXpressoIDE_24.12.148\workspace\Lab 1_2\startup" -I"C:\Users\Kelvi\Documents\MCUXpressoIDE_24.12.148\workspace\Lab 1_2\utilities" -O0 -fno-common -g3 -gdwarf-4 -Wall -c -ffunction-sections -fdata-sections -fno-builtin -fmerge-constants -fmacro-prefix-map="../drivers/"= -mcpu=cortex-m0plus -mthumb -D__REDLIB__ -fstack-usage -specs=redlib.specs -MMD -MP -MF"drivers/fsl_uart.d" -MT"drivers/fsl_uart.o" -MT"drivers/fsl_uart.d" -o "drivers/fsl_uart.o" "../drivers/fsl_uart.c"
Finished building: ../drivers/fsl_ftfx_flexnvm.c
Finished building: ../drivers/fsl_gpio.c
 
 
Finished building: ../drivers/fsl_ftfx_controller.c
Building file: ../board/board.c
Finished building: ../drivers/fsl_ftfx_flash.c
Building file: ../board/clock_config.c
 
Invoking: MCU C Compiler
arm-none-eabi-gcc -DCPU_MKL46Z256VLL4_cm0plus -DCPU_MKL46Z256VLL4 -DFSL_RTOS_BM -DSDK_OS_BAREMETAL -DSDK_DEBUGCONSOLE=0 -DCR_INTEGER_PRINTF -DPRINTF_FLOAT_ENABLE=0 -D__MCUXPRESSO -D__USE_CMSIS -DDEBUG -D__REDLIB__ -I"C:\Users\Kelvi\Documents\MCUXpressoIDE_24.12.148\workspace\Lab 1_2\board" -I"C:\Users\Kelvi\Documents\MCUXpressoIDE_24.12.148\workspace\Lab 1_2\source" -I"C:\Users\Kelvi\Documents\MCUXpressoIDE_24.12.148\workspace\Lab 1_2" -I"C:\Users\Kelvi\Documents\MCUXpressoIDE_24.12.148\workspace\Lab 1_2\drivers" -I"C:\Users\Kelvi\Documents\MCUXpressoIDE_24.12.148\workspace\Lab 1_2\CMSIS" -I"C:\Users\Kelvi\Documents\MCUXpressoIDE_24.12.148\workspace\Lab 1_2\startup" -I"C:\Users\Kelvi\Documents\MCUXpressoIDE_24.12.148\workspace\Lab 1_2\utilities" -O0 -fno-common -g3 -gdwarf-4 -Wall -c -ffunction-sections -fdata-sections -fno-builtin -fmerge-constants -fmacro-prefix-map="../board/"= -mcpu=cortex-m0plus -mthumb -D__REDLIB__ -fstack-usage -specs=redlib.specs -MMD -MP -MF"board/board.d" -MT"board/board.o" -MT"board/board.d" -o "board/board.o" "../board/board.c"
Finished building: ../drivers/fsl_smc.c
Invoking: MCU C Compiler
 
arm-none-eabi-gcc -DCPU_MKL46Z256VLL4_cm0plus -DCPU_MKL46Z256VLL4 -DFSL_RTOS_BM -DSDK_OS_BAREMETAL -DSDK_DEBUGCONSOLE=0 -DCR_INTEGER_PRINTF -DPRINTF_FLOAT_ENABLE=0 -D__MCUXPRESSO -D__USE_CMSIS -DDEBUG -D__REDLIB__ -I"C:\Users\Kelvi\Documents\MCUXpressoIDE_24.12.148\workspace\Lab 1_2\board" -I"C:\Users\Kelvi\Documents\MCUXpressoIDE_24.12.148\workspace\Lab 1_2\source" -I"C:\Users\Kelvi\Documents\MCUXpressoIDE_24.12.148\workspace\Lab 1_2" -I"C:\Users\Kelvi\Documents\MCUXpressoIDE_24.12.148\workspace\Lab 1_2\drivers" -I"C:\Users\Kelvi\Documents\MCUXpressoIDE_24.12.148\workspace\Lab 1_2\CMSIS" -I"C:\Users\Kelvi\Documents\MCUXpressoIDE_24.12.148\workspace\Lab 1_2\startup" -I"C:\Users\Kelvi\Documents\MCUXpressoIDE_24.12.148\workspace\Lab 1_2\utilities" -O0 -fno-common -g3 -gdwarf-4 -Wall -c -ffunction-sections -fdata-sections -fno-builtin -fmerge-constants -fmacro-prefix-map="../board/"= -mcpu=cortex-m0plus -mthumb -D__REDLIB__ -fstack-usage -specs=redlib.specs -MMD -MP -MF"board/clock_config.d" -MT"board/clock_config.o" -MT"board/clock_config.d" -o "board/clock_config.o" "../board/clock_config.c"
 
Building file: ../board/peripherals.c
Building file: ../board/pin_mux.c
Finished building: ../drivers/fsl_i2c.c
Finished building: ../drivers/fsl_lpsci.c
Invoking: MCU C Compiler
Invoking: MCU C Compiler
arm-none-eabi-gcc -DCPU_MKL46Z256VLL4_cm0plus -DCPU_MKL46Z256VLL4 -DFSL_RTOS_BM -DSDK_OS_BAREMETAL -DSDK_DEBUGCONSOLE=0 -DCR_INTEGER_PRINTF -DPRINTF_FLOAT_ENABLE=0 -D__MCUXPRESSO -D__USE_CMSIS -DDEBUG -D__REDLIB__ -I"C:\Users\Kelvi\Documents\MCUXpressoIDE_24.12.148\workspace\Lab 1_2\board" -I"C:\Users\Kelvi\Documents\MCUXpressoIDE_24.12.148\workspace\Lab 1_2\source" -I"C:\Users\Kelvi\Documents\MCUXpressoIDE_24.12.148\workspace\Lab 1_2" -I"C:\Users\Kelvi\Documents\MCUXpressoIDE_24.12.148\workspace\Lab 1_2\drivers" -I"C:\Users\Kelvi\Documents\MCUXpressoIDE_24.12.148\workspace\Lab 1_2\CMSIS" -I"C:\Users\Kelvi\Documents\MCUXpressoIDE_24.12.148\workspace\Lab 1_2\startup" -I"C:\Users\Kelvi\Documents\MCUXpressoIDE_24.12.148\workspace\Lab 1_2\utilities" -O0 -fno-common -g3 -gdwarf-4 -Wall -c -ffunction-sections -fdata-sections -fno-builtin -fmerge-constants -fmacro-prefix-map="../board/"= -mcpu=cortex-m0plus -mthumb -D__REDLIB__ -fstack-usage -specs=redlib.specs -MMD -MP -MF"board/peripherals.d" -MT"board/peripherals.o" -MT"board/peripherals.d" -o "board/peripherals.o" "../board/peripherals.c"
Building file: ../CMSIS/system_MKL46Z4.c
arm-none-eabi-gcc -DCPU_MKL46Z256VLL4_cm0plus -DCPU_MKL46Z256VLL4 -DFSL_RTOS_BM -DSDK_OS_BAREMETAL -DSDK_DEBUGCONSOLE=0 -DCR_INTEGER_PRINTF -DPRINTF_FLOAT_ENABLE=0 -D__MCUXPRESSO -D__USE_CMSIS -DDEBUG -D__REDLIB__ -I"C:\Users\Kelvi\Documents\MCUXpressoIDE_24.12.148\workspace\Lab 1_2\board" -I"C:\Users\Kelvi\Documents\MCUXpressoIDE_24.12.148\workspace\Lab 1_2\source" -I"C:\Users\Kelvi\Documents\MCUXpressoIDE_24.12.148\workspace\Lab 1_2" -I"C:\Users\Kelvi\Documents\MCUXpressoIDE_24.12.148\workspace\Lab 1_2\drivers" -I"C:\Users\Kelvi\Documents\MCUXpressoIDE_24.12.148\workspace\Lab 1_2\CMSIS" -I"C:\Users\Kelvi\Documents\MCUXpressoIDE_24.12.148\workspace\Lab 1_2\startup" -I"C:\Users\Kelvi\Documents\MCUXpressoIDE_24.12.148\workspace\Lab 1_2\utilities" -O0 -fno-common -g3 -gdwarf-4 -Wall -c -ffunction-sections -fdata-sections -fno-builtin -fmerge-constants -fmacro-prefix-map="../board/"= -mcpu=cortex-m0plus -mthumb -D__REDLIB__ -fstack-usage -specs=redlib.specs -MMD -MP -MF"board/pin_mux.d" -MT"board/pin_mux.o" -MT"board/pin_mux.d" -o "board/pin_mux.o" "../board/pin_mux.c"
 
 
Invoking: MCU C Compiler
arm-none-eabi-gcc -DCPU_MKL46Z256VLL4_cm0plus -DCPU_MKL46Z256VLL4 -DFSL_RTOS_BM -DSDK_OS_BAREMETAL -DSDK_DEBUGCONSOLE=0 -DCR_INTEGER_PRINTF -DPRINTF_FLOAT_ENABLE=0 -D__MCUXPRESSO -D__USE_CMSIS -DDEBUG -D__REDLIB__ -I"C:\Users\Kelvi\Documents\MCUXpressoIDE_24.12.148\workspace\Lab 1_2\board" -I"C:\Users\Kelvi\Documents\MCUXpressoIDE_24.12.148\workspace\Lab 1_2\source" -I"C:\Users\Kelvi\Documents\MCUXpressoIDE_24.12.148\workspace\Lab 1_2" -I"C:\Users\Kelvi\Documents\MCUXpressoIDE_24.12.148\workspace\Lab 1_2\drivers" -I"C:\Users\Kelvi\Documents\MCUXpressoIDE_24.12.148\workspace\Lab 1_2\CMSIS" -I"C:\Users\Kelvi\Documents\MCUXpressoIDE_24.12.148\workspace\Lab 1_2\startup" -I"C:\Users\Kelvi\Documents\MCUXpressoIDE_24.12.148\workspace\Lab 1_2\utilities" -O0 -fno-common -g3 -gdwarf-4 -Wall -c -ffunction-sections -fdata-sections -fno-builtin -fmerge-constants -fmacro-prefix-map="../CMSIS/"= -mcpu=cortex-m0plus -mthumb -D__REDLIB__ -fstack-usage -specs=redlib.specs -MMD -MP -MF"CMSIS/system_MKL46Z4.d" -MT"CMSIS/system_MKL46Z4.o" -MT"CMSIS/system_MKL46Z4.d" -o "CMSIS/system_MKL46Z4.o" "../CMSIS/system_MKL46Z4.c"
Finished building: ../drivers/fsl_uart.c
 
Finished building: ../board/board.c
Finished building: ../board/clock_config.c
Finished building: ../board/peripherals.c
 
 
 
Finished building: ../CMSIS/system_MKL46Z4.c
 
Finished building: ../board/pin_mux.c
 
Building target: Lab 1_2.axf
Invoking: MCU Linker
arm-none-eabi-gcc -nostdlib -Xlinker -Map="Lab 1_2.map" -Xlinker --gc-sections -Xlinker -print-memory-usage -Xlinker --sort-section=alignment -Xlinker --cref -mcpu=cortex-m0plus -mthumb -T Lab_1_2_Debug.ld -o "Lab 1_2.axf" ./utilities/fsl_debug_console.o ./utilities/fsl_io.o ./utilities/fsl_log.o ./utilities/fsl_str.o  ./startup/startup_mkl46z4.o  ./source/lab1_2.s.o  ./drivers/fsl_clock.o ./drivers/fsl_common.o ./drivers/fsl_ftfx_cache.o ./drivers/fsl_ftfx_controller.o ./drivers/fsl_ftfx_flash.o ./drivers/fsl_ftfx_flexnvm.o ./drivers/fsl_gpio.o ./drivers/fsl_i2c.o ./drivers/fsl_lpsci.o ./drivers/fsl_smc.o ./drivers/fsl_uart.o  ./board/board.o ./board/clock_config.o ./board/peripherals.o ./board/pin_mux.o  ./CMSIS/system_MKL46Z4.o   
Memory region         Used Size  Region Size  %age Used
   PROGRAM_FLASH:        2988 B       256 KB      1.14%
            SRAM:        4320 B        32 KB     13.18%
Finished building target: Lab 1_2.axf
 
Performing post-build steps
arm-none-eabi-size "Lab 1_2.axf"; # arm-none-eabi-objcopy -v -O binary "Lab 1_2.axf" "Lab 1_2.bin" ; # checksum -p MKL46Z256xxx4 -d "Lab 1_2.bin";
   text	   data	    bss	    dec	    hex	filename
   2988	      0	   4320	   7308	   1c8c	Lab 1_2.axf
 

16:35:07 Build Finished. 0 errors, 0 warnings. (took 2s.764ms)

