../source/led.c:18:6:set15MHz	8	static
../source/led.c:66:6:led_init	8	static
../source/led.c:109:6:delay	24	static
../source/led.c:119:6:red_on	8	static
../source/led.c:123:6:red_off	8	static
../source/led.c:126:6:red_toggle	8	static
../source/led.c:130:6:blue_on	8	static
../source/led.c:134:6:blue_off	8	static
../source/led.c:137:6:blue_toggle	8	static
../source/led.c:141:6:green_on	8	static
../source/led.c:145:6:green_off	8	static
../source/led.c:148:6:green_toggle	8	static
../source/led.c:152:6:led0_off	8	static
../source/led.c:162:6:red_on_frdm	8	static
../source/led.c:165:6:red_off_frdm	8	static
../source/led.c:168:6:red_toggle_frdm	8	static
../source/led.c:175:6:green_on_frdm	8	static
../source/led.c:178:6:green_off_frdm	8	static
../source/led.c:181:6:green_toggle_frdm	8	static
